2026-02-21T16:32:59.5206324Z Current runner version: '2.331.0'
2026-02-21T16:32:59.5230207Z ##[group]Runner Image Provisioner
2026-02-21T16:32:59.5230997Z Hosted Compute Agent
2026-02-21T16:32:59.5231670Z Version: 20260123.484
2026-02-21T16:32:59.5232241Z Commit: 6bd6555ca37d84114959e1c76d2c01448ff61c5d
2026-02-21T16:32:59.5233234Z Build Date: 2026-01-23T19:41:17Z
2026-02-21T16:32:59.5233975Z Worker ID: {50749490-f56b-43e7-8cf8-4040f133bb21}
2026-02-21T16:32:59.5234655Z Azure Region: westus3
2026-02-21T16:32:59.5235223Z ##[endgroup]
2026-02-21T16:32:59.5236724Z ##[group]Operating System
2026-02-21T16:32:59.5237366Z Ubuntu
2026-02-21T16:32:59.5237803Z 24.04.3
2026-02-21T16:32:59.5238298Z LTS
2026-02-21T16:32:59.5238780Z ##[endgroup]
2026-02-21T16:32:59.5239283Z ##[group]Runner Image
2026-02-21T16:32:59.5239859Z Image: ubuntu-24.04
2026-02-21T16:32:59.5240385Z Version: 20260201.15.1
2026-02-21T16:32:59.5241529Z Included Software: https://github.com/actions/runner-images/blob/ubuntu24/20260201.15/images/ubuntu/Ubuntu2404-Readme.md
2026-02-21T16:32:59.5243229Z Image Release: https://github.com/actions/runner-images/releases/tag/ubuntu24%2F20260201.15
2026-02-21T16:32:59.5244160Z ##[endgroup]
2026-02-21T16:32:59.5245202Z ##[group]GITHUB_TOKEN Permissions
2026-02-21T16:32:59.5247025Z Contents: write
2026-02-21T16:32:59.5247600Z Metadata: read
2026-02-21T16:32:59.5248240Z ##[endgroup]
2026-02-21T16:32:59.5250429Z Secret source: Actions
2026-02-21T16:32:59.5251165Z Prepare workflow directory
2026-02-21T16:32:59.5577285Z Prepare all required actions
2026-02-21T16:32:59.5615710Z Getting action download info
2026-02-21T16:33:00.1056417Z Download action repository 'actions/checkout@v4' (SHA:34e114876b0b11c390a56381ad16ebd13914f8d5)
2026-02-21T16:33:00.2226524Z Download action repository 'actions/setup-java@v4' (SHA:c1e323688fd81a25caa38c78aa6df2d33d3e20d9)
2026-02-21T16:33:01.2994239Z Download action repository 'actions/upload-artifact@v4' (SHA:ea165f8d65b6e75b540449e92b4886f43607fa02)
2026-02-21T16:33:01.5230506Z Complete job name: Build Android App
2026-02-21T16:33:01.5982239Z ##[group]Run actions/checkout@v4
2026-02-21T16:33:01.5983478Z with:
2026-02-21T16:33:01.5983977Z   repository: pemagic/DouluoBridge
2026-02-21T16:33:01.5984789Z   token: ***
2026-02-21T16:33:01.5985233Z   ssh-strict: true
2026-02-21T16:33:01.5985695Z   ssh-user: git
2026-02-21T16:33:01.5986160Z   persist-credentials: true
2026-02-21T16:33:01.5986677Z   clean: true
2026-02-21T16:33:01.5987148Z   sparse-checkout-cone-mode: true
2026-02-21T16:33:01.5987688Z   fetch-depth: 1
2026-02-21T16:33:01.5988125Z   fetch-tags: false
2026-02-21T16:33:01.5988579Z   show-progress: true
2026-02-21T16:33:01.5989051Z   lfs: false
2026-02-21T16:33:01.5989477Z   submodules: false
2026-02-21T16:33:01.5989943Z   set-safe-directory: true
2026-02-21T16:33:01.5990661Z ##[endgroup]
2026-02-21T16:33:01.7086665Z Syncing repository: pemagic/DouluoBridge
2026-02-21T16:33:01.7088818Z ##[group]Getting Git version info
2026-02-21T16:33:01.7089671Z Working directory is '/home/runner/work/DouluoBridge/DouluoBridge'
2026-02-21T16:33:01.7090906Z [command]/usr/bin/git version
2026-02-21T16:33:01.7176435Z git version 2.52.0
2026-02-21T16:33:01.7204611Z ##[endgroup]
2026-02-21T16:33:01.7218726Z Temporarily overriding HOME='/home/runner/work/_temp/8dbdb0ef-ef5d-4aff-bec3-12d90a78706a' before making global git config changes
2026-02-21T16:33:01.7220256Z Adding repository directory to the temporary git global config as a safe directory
2026-02-21T16:33:01.7231852Z [command]/usr/bin/git config --global --add safe.directory /home/runner/work/DouluoBridge/DouluoBridge
2026-02-21T16:33:01.7274378Z Deleting the contents of '/home/runner/work/DouluoBridge/DouluoBridge'
2026-02-21T16:33:01.7277900Z ##[group]Initializing the repository
2026-02-21T16:33:01.7281980Z [command]/usr/bin/git init /home/runner/work/DouluoBridge/DouluoBridge
2026-02-21T16:33:01.7414695Z hint: Using 'master' as the name for the initial branch. This default branch name
2026-02-21T16:33:01.7415934Z hint: will change to "main" in Git 3.0. To configure the initial branch name
2026-02-21T16:33:01.7417388Z hint: to use in all of your new repositories, which will suppress this warning,
2026-02-21T16:33:01.7418227Z hint: call:
2026-02-21T16:33:01.7418964Z hint:
2026-02-21T16:33:01.7419942Z hint: 	git config --global init.defaultBranch <name>
2026-02-21T16:33:01.7421108Z hint:
2026-02-21T16:33:01.7422194Z hint: Names commonly chosen instead of 'master' are 'main', 'trunk' and
2026-02-21T16:33:01.7424117Z hint: 'development'. The just-created branch can be renamed via this command:
2026-02-21T16:33:01.7425015Z hint:
2026-02-21T16:33:01.7425453Z hint: 	git branch -m <name>
2026-02-21T16:33:01.7425966Z hint:
2026-02-21T16:33:01.7426626Z hint: Disable this message with "git config set advice.defaultBranchName false"
2026-02-21T16:33:01.7427755Z Initialized empty Git repository in /home/runner/work/DouluoBridge/DouluoBridge/.git/
2026-02-21T16:33:01.7434912Z [command]/usr/bin/git remote add origin https://github.com/pemagic/DouluoBridge
2026-02-21T16:33:01.7468735Z ##[endgroup]
2026-02-21T16:33:01.7469607Z ##[group]Disabling automatic garbage collection
2026-02-21T16:33:01.7472542Z [command]/usr/bin/git config --local gc.auto 0
2026-02-21T16:33:01.7501220Z ##[endgroup]
2026-02-21T16:33:01.7502005Z ##[group]Setting up auth
2026-02-21T16:33:01.7508176Z [command]/usr/bin/git config --local --name-only --get-regexp core\.sshCommand
2026-02-21T16:33:01.7539262Z [command]/usr/bin/git submodule foreach --recursive sh -c "git config --local --name-only --get-regexp 'core\.sshCommand' && git config --local --unset-all 'core.sshCommand' || :"
2026-02-21T16:33:01.7940719Z [command]/usr/bin/git config --local --name-only --get-regexp http\.https\:\/\/github\.com\/\.extraheader
2026-02-21T16:33:01.7973180Z [command]/usr/bin/git submodule foreach --recursive sh -c "git config --local --name-only --get-regexp 'http\.https\:\/\/github\.com\/\.extraheader' && git config --local --unset-all 'http.https://github.com/.extraheader' || :"
2026-02-21T16:33:01.8197967Z [command]/usr/bin/git config --local --name-only --get-regexp ^includeIf\.gitdir:
2026-02-21T16:33:01.8227789Z [command]/usr/bin/git submodule foreach --recursive git config --local --show-origin --name-only --get-regexp remote.origin.url
2026-02-21T16:33:01.8459117Z [command]/usr/bin/git config --local http.https://github.com/.extraheader AUTHORIZATION: basic ***
2026-02-21T16:33:01.8493729Z ##[endgroup]
2026-02-21T16:33:01.8494620Z ##[group]Fetching the repository
2026-02-21T16:33:01.8501736Z [command]/usr/bin/git -c protocol.version=2 fetch --no-tags --prune --no-recurse-submodules --depth=1 origin +9095b64f0ed1c3f801a29866c9ac0c71cbf725f7:refs/tags/v0.5.0-demo
2026-02-21T16:33:03.0409255Z From https://github.com/pemagic/DouluoBridge
2026-02-21T16:33:03.0410822Z  * [new ref]         9095b64f0ed1c3f801a29866c9ac0c71cbf725f7 -> v0.5.0-demo
2026-02-21T16:33:03.0440569Z ##[endgroup]
2026-02-21T16:33:03.0441955Z ##[group]Determining the checkout info
2026-02-21T16:33:03.0443703Z ##[endgroup]
2026-02-21T16:33:03.0448310Z [command]/usr/bin/git sparse-checkout disable
2026-02-21T16:33:03.0494565Z [command]/usr/bin/git config --local --unset-all extensions.worktreeConfig
2026-02-21T16:33:03.0525360Z ##[group]Checking out the ref
2026-02-21T16:33:03.0529531Z [command]/usr/bin/git checkout --progress --force refs/tags/v0.5.0-demo
2026-02-21T16:33:03.1248016Z Note: switching to 'refs/tags/v0.5.0-demo'.
2026-02-21T16:33:03.1249830Z 
2026-02-21T16:33:03.1251110Z You are in 'detached HEAD' state. You can look around, make experimental
2026-02-21T16:33:03.1255362Z changes and commit them, and you can discard any commits you make in this
2026-02-21T16:33:03.1258164Z state without impacting any branches by switching back to a branch.
2026-02-21T16:33:03.1259905Z 
2026-02-21T16:33:03.1260917Z If you want to create a new branch to retain commits you create, you may
2026-02-21T16:33:03.1263736Z do so (now or later) by using -c with the switch command. Example:
2026-02-21T16:33:03.1265191Z 
2026-02-21T16:33:03.1265529Z   git switch -c <new-branch-name>
2026-02-21T16:33:03.1266623Z 
2026-02-21T16:33:03.1266945Z Or undo this operation with:
2026-02-21T16:33:03.1267532Z 
2026-02-21T16:33:03.1267855Z   git switch -
2026-02-21T16:33:03.1268330Z 
2026-02-21T16:33:03.1269193Z Turn off this advice by setting config variable advice.detachedHead to false
2026-02-21T16:33:03.1270500Z 
2026-02-21T16:33:03.1271417Z HEAD is now at 9095b64 Fix Androidx Natives Configuration Error
2026-02-21T16:33:03.1275394Z ##[endgroup]
2026-02-21T16:33:03.1313153Z [command]/usr/bin/git log -1 --format=%H
2026-02-21T16:33:03.1337722Z 9095b64f0ed1c3f801a29866c9ac0c71cbf725f7
2026-02-21T16:33:03.1700705Z ##[group]Run actions/setup-java@v4
2026-02-21T16:33:03.1701675Z with:
2026-02-21T16:33:03.1702350Z   distribution: temurin
2026-02-21T16:33:03.1703341Z   java-version: 17
2026-02-21T16:33:03.1704125Z   java-package: jdk
2026-02-21T16:33:03.1704867Z   check-latest: false
2026-02-21T16:33:03.1705621Z   server-id: github
2026-02-21T16:33:03.1706385Z   server-username: GITHUB_ACTOR
2026-02-21T16:33:03.1707324Z   server-password: GITHUB_TOKEN
2026-02-21T16:33:03.1708294Z   overwrite-settings: true
2026-02-21T16:33:03.1709119Z   job-status: success
2026-02-21T16:33:03.1710152Z   token: ***
2026-02-21T16:33:03.1710791Z ##[endgroup]
2026-02-21T16:33:03.3723512Z ##[group]Installed distributions
2026-02-21T16:33:03.3959247Z Resolved Java 17.0.18+8 from tool-cache
2026-02-21T16:33:03.3960082Z Setting Java 17.0.18+8 as the default
2026-02-21T16:33:03.3974823Z Creating toolchains.xml for JDK version 17 from temurin
2026-02-21T16:33:03.4051197Z Writing to /home/runner/.m2/toolchains.xml
2026-02-21T16:33:03.4052315Z 
2026-02-21T16:33:03.4052538Z Java configuration:
2026-02-21T16:33:03.4054045Z   Distribution: temurin
2026-02-21T16:33:03.4054493Z   Version: 17.0.18+8
2026-02-21T16:33:03.4055768Z   Path: /opt/hostedtoolcache/Java_Temurin-Hotspot_jdk/17.0.18-8/x64
2026-02-21T16:33:03.4056313Z 
2026-02-21T16:33:03.4056844Z ##[endgroup]
2026-02-21T16:33:03.4075086Z Creating settings.xml with server-id: github
2026-02-21T16:33:03.4077883Z Writing to /home/runner/.m2/settings.xml
2026-02-21T16:33:03.4186162Z ##[group]Run cd android
2026-02-21T16:33:03.4186496Z [36;1mcd android[0m
2026-02-21T16:33:03.4186752Z [36;1mchmod +x gradlew[0m
2026-02-21T16:33:03.4225605Z shell: /usr/bin/bash -e {0}
2026-02-21T16:33:03.4225896Z env:
2026-02-21T16:33:03.4226236Z   JAVA_HOME: /opt/hostedtoolcache/Java_Temurin-Hotspot_jdk/17.0.18-8/x64
2026-02-21T16:33:03.4226758Z   JAVA_HOME_17_X64: /opt/hostedtoolcache/Java_Temurin-Hotspot_jdk/17.0.18-8/x64
2026-02-21T16:33:03.4227182Z ##[endgroup]
2026-02-21T16:33:03.4421123Z ##[group]Run cd android
2026-02-21T16:33:03.4421440Z [36;1mcd android[0m
2026-02-21T16:33:03.4422958Z [36;1m./gradlew assembleRelease > build.log 2>&1 || (git config --global user.name 'github-actions[bot]' && git config --global user.email 'github-actions[bot]@users.noreply.github.com' && git switch -c ci-failure && mv build.log error.log && git add error.log && git commit -m "Upload error log" && git push -f origin ci-failure && exit 1)[0m
2026-02-21T16:33:03.4456888Z shell: /usr/bin/bash -e {0}
2026-02-21T16:33:03.4457186Z env:
2026-02-21T16:33:03.4457525Z   JAVA_HOME: /opt/hostedtoolcache/Java_Temurin-Hotspot_jdk/17.0.18-8/x64
2026-02-21T16:33:03.4458049Z   JAVA_HOME_17_X64: /opt/hostedtoolcache/Java_Temurin-Hotspot_jdk/17.0.18-8/x64
2026-02-21T16:33:03.4458491Z ##[endgroup]
2026-02-21T16:35:51.6893929Z Switched to a new branch 'ci-failure'
2026-02-21T16:35:51.8322929Z [ci-failure cf4c417] Upload error log
2026-02-21T16:35:51.8327477Z  1 file changed, 8 insertions(+), 6 deletions(-)
2026-02-21T16:35:54.6529567Z To https://github.com/pemagic/DouluoBridge
2026-02-21T16:35:54.6530221Z  + 9e83ffb...cf4c417 ci-failure -> ci-failure (forced update)
2026-02-21T16:35:54.6590296Z ##[error]Process completed with exit code 1.
2026-02-21T16:35:54.6697206Z Post job cleanup.
2026-02-21T16:35:54.8468775Z Post job cleanup.
2026-02-21T16:35:54.9437893Z [command]/usr/bin/git version
2026-02-21T16:35:54.9480940Z git version 2.52.0
2026-02-21T16:35:54.9520882Z Copying '/home/runner/.gitconfig' to '/home/runner/work/_temp/065b5006-d6ce-4731-9ce4-2b3b2340ada9/.gitconfig'
2026-02-21T16:35:54.9532483Z Temporarily overriding HOME='/home/runner/work/_temp/065b5006-d6ce-4731-9ce4-2b3b2340ada9' before making global git config changes
2026-02-21T16:35:54.9534074Z Adding repository directory to the temporary git global config as a safe directory
2026-02-21T16:35:54.9539332Z [command]/usr/bin/git config --global --add safe.directory /home/runner/work/DouluoBridge/DouluoBridge
2026-02-21T16:35:54.9578605Z [command]/usr/bin/git config --local --name-only --get-regexp core\.sshCommand
2026-02-21T16:35:54.9613546Z [command]/usr/bin/git submodule foreach --recursive sh -c "git config --local --name-only --get-regexp 'core\.sshCommand' && git config --local --unset-all 'core.sshCommand' || :"
2026-02-21T16:35:54.9868192Z [command]/usr/bin/git config --local --name-only --get-regexp http\.https\:\/\/github\.com\/\.extraheader
2026-02-21T16:35:54.9892179Z http.https://github.com/.extraheader
2026-02-21T16:35:54.9906454Z [command]/usr/bin/git config --local --unset-all http.https://github.com/.extraheader
2026-02-21T16:35:54.9939459Z [command]/usr/bin/git submodule foreach --recursive sh -c "git config --local --name-only --get-regexp 'http\.https\:\/\/github\.com\/\.extraheader' && git config --local --unset-all 'http.https://github.com/.extraheader' || :"
2026-02-21T16:35:55.0208332Z [command]/usr/bin/git config --local --name-only --get-regexp ^includeIf\.gitdir:
2026-02-21T16:35:55.0252347Z [command]/usr/bin/git submodule foreach --recursive git config --local --show-origin --name-only --get-regexp remote.origin.url
2026-02-21T16:35:55.0639918Z Cleaning up orphan processes
2026-02-21T16:35:55.1055844Z Terminate orphan process: pid (2310) (java)
