2026-02-21T16:38:55.7322235Z Current runner version: '2.331.0'
2026-02-21T16:38:55.7346802Z ##[group]Runner Image Provisioner
2026-02-21T16:38:55.7347656Z Hosted Compute Agent
2026-02-21T16:38:55.7348424Z Version: 20260123.484
2026-02-21T16:38:55.7349240Z Commit: 6bd6555ca37d84114959e1c76d2c01448ff61c5d
2026-02-21T16:38:55.7350028Z Build Date: 2026-01-23T19:41:17Z
2026-02-21T16:38:55.7350755Z Worker ID: {f7fff26c-f1cb-4dbf-815c-26fbdfd38ee0}
2026-02-21T16:38:55.7351883Z Azure Region: northcentralus
2026-02-21T16:38:55.7352857Z ##[endgroup]
2026-02-21T16:38:55.7354925Z ##[group]Operating System
2026-02-21T16:38:55.7355625Z Ubuntu
2026-02-21T16:38:55.7356124Z 24.04.3
2026-02-21T16:38:55.7356824Z LTS
2026-02-21T16:38:55.7357441Z ##[endgroup]
2026-02-21T16:38:55.7357996Z ##[group]Runner Image
2026-02-21T16:38:55.7358552Z Image: ubuntu-24.04
2026-02-21T16:38:55.7359020Z Version: 20260201.15.1
2026-02-21T16:38:55.7360725Z Included Software: https://github.com/actions/runner-images/blob/ubuntu24/20260201.15/images/ubuntu/Ubuntu2404-Readme.md
2026-02-21T16:38:55.7362270Z Image Release: https://github.com/actions/runner-images/releases/tag/ubuntu24%2F20260201.15
2026-02-21T16:38:55.7363727Z ##[endgroup]
2026-02-21T16:38:55.7364829Z ##[group]GITHUB_TOKEN Permissions
2026-02-21T16:38:55.7366881Z Contents: write
2026-02-21T16:38:55.7367892Z Metadata: read
2026-02-21T16:38:55.7368448Z ##[endgroup]
2026-02-21T16:38:55.7370488Z Secret source: Actions
2026-02-21T16:38:55.7371771Z Prepare workflow directory
2026-02-21T16:38:55.7728906Z Prepare all required actions
2026-02-21T16:38:55.7768141Z Getting action download info
2026-02-21T16:38:56.0983789Z Download action repository 'actions/checkout@v4' (SHA:34e114876b0b11c390a56381ad16ebd13914f8d5)
2026-02-21T16:38:56.1916284Z Download action repository 'actions/setup-java@v4' (SHA:c1e323688fd81a25caa38c78aa6df2d33d3e20d9)
2026-02-21T16:38:56.7186137Z Download action repository 'actions/upload-artifact@v4' (SHA:ea165f8d65b6e75b540449e92b4886f43607fa02)
2026-02-21T16:38:56.9449839Z Complete job name: Build Android App
2026-02-21T16:38:57.0179985Z ##[group]Run actions/checkout@v4
2026-02-21T16:38:57.0180868Z with:
2026-02-21T16:38:57.0181316Z   repository: pemagic/DouluoBridge
2026-02-21T16:38:57.0182058Z   token: ***
2026-02-21T16:38:57.0182475Z   ssh-strict: true
2026-02-21T16:38:57.0183138Z   ssh-user: git
2026-02-21T16:38:57.0183565Z   persist-credentials: true
2026-02-21T16:38:57.0184034Z   clean: true
2026-02-21T16:38:57.0184470Z   sparse-checkout-cone-mode: true
2026-02-21T16:38:57.0184964Z   fetch-depth: 1
2026-02-21T16:38:57.0185373Z   fetch-tags: false
2026-02-21T16:38:57.0185794Z   show-progress: true
2026-02-21T16:38:57.0186224Z   lfs: false
2026-02-21T16:38:57.0186632Z   submodules: false
2026-02-21T16:38:57.0187055Z   set-safe-directory: true
2026-02-21T16:38:57.0187788Z ##[endgroup]
2026-02-21T16:38:57.1327452Z Syncing repository: pemagic/DouluoBridge
2026-02-21T16:38:57.1330439Z ##[group]Getting Git version info
2026-02-21T16:38:57.1331786Z Working directory is '/home/runner/work/DouluoBridge/DouluoBridge'
2026-02-21T16:38:57.1333988Z [command]/usr/bin/git version
2026-02-21T16:38:57.1404871Z git version 2.52.0
2026-02-21T16:38:57.1432070Z ##[endgroup]
2026-02-21T16:38:57.1446414Z Temporarily overriding HOME='/home/runner/work/_temp/e74fa566-be21-446f-90e0-7a0f4c3b7621' before making global git config changes
2026-02-21T16:38:57.1447841Z Adding repository directory to the temporary git global config as a safe directory
2026-02-21T16:38:57.1459017Z [command]/usr/bin/git config --global --add safe.directory /home/runner/work/DouluoBridge/DouluoBridge
2026-02-21T16:38:57.1498410Z Deleting the contents of '/home/runner/work/DouluoBridge/DouluoBridge'
2026-02-21T16:38:57.1502014Z ##[group]Initializing the repository
2026-02-21T16:38:57.1506447Z [command]/usr/bin/git init /home/runner/work/DouluoBridge/DouluoBridge
2026-02-21T16:38:57.1611072Z hint: Using 'master' as the name for the initial branch. This default branch name
2026-02-21T16:38:57.1612858Z hint: will change to "main" in Git 3.0. To configure the initial branch name
2026-02-21T16:38:57.1614578Z hint: to use in all of your new repositories, which will suppress this warning,
2026-02-21T16:38:57.1615942Z hint: call:
2026-02-21T16:38:57.1616392Z hint:
2026-02-21T16:38:57.1617568Z hint: 	git config --global init.defaultBranch <name>
2026-02-21T16:38:57.1618712Z hint:
2026-02-21T16:38:57.1619764Z hint: Names commonly chosen instead of 'master' are 'main', 'trunk' and
2026-02-21T16:38:57.1621512Z hint: 'development'. The just-created branch can be renamed via this command:
2026-02-21T16:38:57.1623107Z hint:
2026-02-21T16:38:57.1623867Z hint: 	git branch -m <name>
2026-02-21T16:38:57.1624682Z hint:
2026-02-21T16:38:57.1625759Z hint: Disable this message with "git config set advice.defaultBranchName false"
2026-02-21T16:38:57.1627704Z Initialized empty Git repository in /home/runner/work/DouluoBridge/DouluoBridge/.git/
2026-02-21T16:38:57.1630794Z [command]/usr/bin/git remote add origin https://github.com/pemagic/DouluoBridge
2026-02-21T16:38:57.1665639Z ##[endgroup]
2026-02-21T16:38:57.1666992Z ##[group]Disabling automatic garbage collection
2026-02-21T16:38:57.1670495Z [command]/usr/bin/git config --local gc.auto 0
2026-02-21T16:38:57.1699550Z ##[endgroup]
2026-02-21T16:38:57.1700857Z ##[group]Setting up auth
2026-02-21T16:38:57.1707252Z [command]/usr/bin/git config --local --name-only --get-regexp core\.sshCommand
2026-02-21T16:38:57.1738581Z [command]/usr/bin/git submodule foreach --recursive sh -c "git config --local --name-only --get-regexp 'core\.sshCommand' && git config --local --unset-all 'core.sshCommand' || :"
2026-02-21T16:38:57.2153782Z [command]/usr/bin/git config --local --name-only --get-regexp http\.https\:\/\/github\.com\/\.extraheader
2026-02-21T16:38:57.2185376Z [command]/usr/bin/git submodule foreach --recursive sh -c "git config --local --name-only --get-regexp 'http\.https\:\/\/github\.com\/\.extraheader' && git config --local --unset-all 'http.https://github.com/.extraheader' || :"
2026-02-21T16:38:57.2409416Z [command]/usr/bin/git config --local --name-only --get-regexp ^includeIf\.gitdir:
2026-02-21T16:38:57.2441137Z [command]/usr/bin/git submodule foreach --recursive git config --local --show-origin --name-only --get-regexp remote.origin.url
2026-02-21T16:38:57.2659266Z [command]/usr/bin/git config --local http.https://github.com/.extraheader AUTHORIZATION: basic ***
2026-02-21T16:38:57.2692473Z ##[endgroup]
2026-02-21T16:38:57.2694055Z ##[group]Fetching the repository
2026-02-21T16:38:57.2702099Z [command]/usr/bin/git -c protocol.version=2 fetch --no-tags --prune --no-recurse-submodules --depth=1 origin +eb06704e0fddd71f8ecc0cb67b861c1758e0af00:refs/tags/v0.6.0-demo
2026-02-21T16:38:57.9411609Z From https://github.com/pemagic/DouluoBridge
2026-02-21T16:38:57.9413026Z  * [new ref]         eb06704e0fddd71f8ecc0cb67b861c1758e0af00 -> v0.6.0-demo
2026-02-21T16:38:57.9440857Z ##[endgroup]
2026-02-21T16:38:57.9441724Z ##[group]Determining the checkout info
2026-02-21T16:38:57.9443379Z ##[endgroup]
2026-02-21T16:38:57.9448499Z [command]/usr/bin/git sparse-checkout disable
2026-02-21T16:38:57.9492114Z [command]/usr/bin/git config --local --unset-all extensions.worktreeConfig
2026-02-21T16:38:57.9520198Z ##[group]Checking out the ref
2026-02-21T16:38:57.9524560Z [command]/usr/bin/git checkout --progress --force refs/tags/v0.6.0-demo
2026-02-21T16:38:58.0300776Z Note: switching to 'refs/tags/v0.6.0-demo'.
2026-02-21T16:38:58.0301775Z 
2026-02-21T16:38:58.0302436Z You are in 'detached HEAD' state. You can look around, make experimental
2026-02-21T16:38:58.0304400Z changes and commit them, and you can discard any commits you make in this
2026-02-21T16:38:58.0305978Z state without impacting any branches by switching back to a branch.
2026-02-21T16:38:58.0306896Z 
2026-02-21T16:38:58.0307457Z If you want to create a new branch to retain commits you create, you may
2026-02-21T16:38:58.0308873Z do so (now or later) by using -c with the switch command. Example:
2026-02-21T16:38:58.0309742Z 
2026-02-21T16:38:58.0310026Z   git switch -c <new-branch-name>
2026-02-21T16:38:58.0311010Z 
2026-02-21T16:38:58.0311288Z Or undo this operation with:
2026-02-21T16:38:58.0311803Z 
2026-02-21T16:38:58.0312038Z   git switch -
2026-02-21T16:38:58.0312411Z 
2026-02-21T16:38:58.0313460Z Turn off this advice by setting config variable advice.detachedHead to false
2026-02-21T16:38:58.0315269Z 
2026-02-21T16:38:58.0316729Z HEAD is now at eb06704 Fix AndroidManifest package attribute conflict and enable stacktrace
2026-02-21T16:38:58.0321332Z ##[endgroup]
2026-02-21T16:38:58.0360581Z [command]/usr/bin/git log -1 --format=%H
2026-02-21T16:38:58.0383317Z eb06704e0fddd71f8ecc0cb67b861c1758e0af00
2026-02-21T16:38:58.0718357Z ##[group]Run actions/setup-java@v4
2026-02-21T16:38:58.0719148Z with:
2026-02-21T16:38:58.0719630Z   distribution: temurin
2026-02-21T16:38:58.0720241Z   java-version: 17
2026-02-21T16:38:58.0720799Z   java-package: jdk
2026-02-21T16:38:58.0721420Z   check-latest: false
2026-02-21T16:38:58.0722003Z   server-id: github
2026-02-21T16:38:58.0722788Z   server-username: GITHUB_ACTOR
2026-02-21T16:38:58.0723593Z   server-password: GITHUB_TOKEN
2026-02-21T16:38:58.0724323Z   overwrite-settings: true
2026-02-21T16:38:58.0724961Z   job-status: success
2026-02-21T16:38:58.0725775Z   token: ***
2026-02-21T16:38:58.0726266Z ##[endgroup]
2026-02-21T16:38:58.2732020Z ##[group]Installed distributions
2026-02-21T16:38:58.2988313Z Resolved Java 17.0.18+8 from tool-cache
2026-02-21T16:38:58.2989958Z Setting Java 17.0.18+8 as the default
2026-02-21T16:38:58.3005636Z Creating toolchains.xml for JDK version 17 from temurin
2026-02-21T16:38:58.3085313Z Writing to /home/runner/.m2/toolchains.xml
2026-02-21T16:38:58.3086962Z 
2026-02-21T16:38:58.3087524Z Java configuration:
2026-02-21T16:38:58.3088910Z   Distribution: temurin
2026-02-21T16:38:58.3090328Z   Version: 17.0.18+8
2026-02-21T16:38:58.3092017Z   Path: /opt/hostedtoolcache/Java_Temurin-Hotspot_jdk/17.0.18-8/x64
2026-02-21T16:38:58.3094000Z 
2026-02-21T16:38:58.3095706Z ##[endgroup]
2026-02-21T16:38:58.3113884Z Creating settings.xml with server-id: github
2026-02-21T16:38:58.3115121Z Writing to /home/runner/.m2/settings.xml
2026-02-21T16:38:58.3261271Z ##[group]Run cd android
2026-02-21T16:38:58.3262512Z [36;1mcd android[0m
2026-02-21T16:38:58.3263899Z [36;1mchmod +x gradlew[0m
2026-02-21T16:38:58.3306179Z shell: /usr/bin/bash -e {0}
2026-02-21T16:38:58.3307323Z env:
2026-02-21T16:38:58.3308633Z   JAVA_HOME: /opt/hostedtoolcache/Java_Temurin-Hotspot_jdk/17.0.18-8/x64
2026-02-21T16:38:58.3310845Z   JAVA_HOME_17_X64: /opt/hostedtoolcache/Java_Temurin-Hotspot_jdk/17.0.18-8/x64
2026-02-21T16:38:58.3312812Z ##[endgroup]
2026-02-21T16:38:58.3553490Z ##[group]Run cd android
2026-02-21T16:38:58.3554475Z [36;1mcd android[0m
2026-02-21T16:38:58.3559658Z [36;1m./gradlew assembleRelease --no-daemon --stacktrace > build.log 2>&1 || (git config --global user.name 'github-actions[bot]' && git config --global user.email 'github-actions[bot]@users.noreply.github.com' && git switch -c ci-failure && mv build.log error.log && git add error.log && git commit -m "Upload error log" && git push -f origin ci-failure && exit 1)[0m
2026-02-21T16:38:58.3600490Z shell: /usr/bin/bash -e {0}
2026-02-21T16:38:58.3601403Z env:
2026-02-21T16:38:58.3602789Z   JAVA_HOME: /opt/hostedtoolcache/Java_Temurin-Hotspot_jdk/17.0.18-8/x64
2026-02-21T16:38:58.3604777Z   JAVA_HOME_17_X64: /opt/hostedtoolcache/Java_Temurin-Hotspot_jdk/17.0.18-8/x64
2026-02-21T16:38:58.3606328Z ##[endgroup]
2026-02-21T16:41:34.4195380Z Switched to a new branch 'ci-failure'
2026-02-21T16:41:34.4924742Z [ci-failure 285a413] Upload error log
2026-02-21T16:41:34.4925365Z  1 file changed, 162 insertions(+), 12 deletions(-)
2026-02-21T16:41:34.9603578Z To https://github.com/pemagic/DouluoBridge
2026-02-21T16:41:34.9604167Z  + cf4c417...285a413 ci-failure -> ci-failure (forced update)
2026-02-21T16:41:34.9665460Z ##[error]Process completed with exit code 1.
2026-02-21T16:41:34.9789128Z Post job cleanup.
2026-02-21T16:41:35.1611726Z Post job cleanup.
2026-02-21T16:41:35.2573548Z [command]/usr/bin/git version
2026-02-21T16:41:35.2609976Z git version 2.52.0
2026-02-21T16:41:35.2647871Z Copying '/home/runner/.gitconfig' to '/home/runner/work/_temp/f80bde07-91bb-48fa-a0ef-da9a3838707c/.gitconfig'
2026-02-21T16:41:35.2657470Z Temporarily overriding HOME='/home/runner/work/_temp/f80bde07-91bb-48fa-a0ef-da9a3838707c' before making global git config changes
2026-02-21T16:41:35.2658697Z Adding repository directory to the temporary git global config as a safe directory
2026-02-21T16:41:35.2662950Z [command]/usr/bin/git config --global --add safe.directory /home/runner/work/DouluoBridge/DouluoBridge
2026-02-21T16:41:35.2703878Z [command]/usr/bin/git config --local --name-only --get-regexp core\.sshCommand
2026-02-21T16:41:35.2743753Z [command]/usr/bin/git submodule foreach --recursive sh -c "git config --local --name-only --get-regexp 'core\.sshCommand' && git config --local --unset-all 'core.sshCommand' || :"
2026-02-21T16:41:35.2998364Z [command]/usr/bin/git config --local --name-only --get-regexp http\.https\:\/\/github\.com\/\.extraheader
2026-02-21T16:41:35.3023767Z http.https://github.com/.extraheader
2026-02-21T16:41:35.3037781Z [command]/usr/bin/git config --local --unset-all http.https://github.com/.extraheader
2026-02-21T16:41:35.3071488Z [command]/usr/bin/git submodule foreach --recursive sh -c "git config --local --name-only --get-regexp 'http\.https\:\/\/github\.com\/\.extraheader' && git config --local --unset-all 'http.https://github.com/.extraheader' || :"
2026-02-21T16:41:35.3316327Z [command]/usr/bin/git config --local --name-only --get-regexp ^includeIf\.gitdir:
2026-02-21T16:41:35.3356133Z [command]/usr/bin/git submodule foreach --recursive git config --local --show-origin --name-only --get-regexp remote.origin.url
2026-02-21T16:41:35.3708666Z Cleaning up orphan processes
